2024-04-06T22:19:02.081+08:00  INFO 13604 --- [restartedMain] cn.zwz.ZwzApplication                    : Starting ZwzApplication using Java 17.0.10 with PID 13604 (D:\Users\Desktop\project\A339\back\target\classes started by Administrator in D:\Users\Desktop\project\A339\back)
2024-04-06T22:19:02.083+08:00  INFO 13604 --- [restartedMain] cn.zwz.ZwzApplication                    : No active profile set, falling back to 1 default profile: "default"
2024-04-06T22:19:02.119+08:00  INFO 13604 --- [restartedMain] .e.DevToolsPropertyDefaultsPostProcessor : Devtools property defaults active! Set 'spring.devtools.add-properties' to 'false' to disable
2024-04-06T22:19:02.119+08:00  INFO 13604 --- [restartedMain] .e.DevToolsPropertyDefaultsPostProcessor : For additional web related logging consider setting the 'logging.level.web' property to 'DEBUG'
2024-04-06T22:19:03.044+08:00  INFO 13604 --- [restartedMain] .s.d.r.c.RepositoryConfigurationDelegate : Multiple Spring Data modules found, entering strict repository configuration mode
2024-04-06T22:19:03.045+08:00  INFO 13604 --- [restartedMain] .s.d.r.c.RepositoryConfigurationDelegate : Bootstrapping Spring Data JPA repositories in DEFAULT mode.
2024-04-06T22:19:03.293+08:00  INFO 13604 --- [restartedMain] .s.d.r.c.RepositoryConfigurationDelegate : Finished Spring Data repository scanning in 240 ms. Found 1 JPA repository interfaces.
2024-04-06T22:19:03.303+08:00  INFO 13604 --- [restartedMain] .s.d.r.c.RepositoryConfigurationDelegate : Multiple Spring Data modules found, entering strict repository configuration mode
2024-04-06T22:19:03.305+08:00  INFO 13604 --- [restartedMain] .s.d.r.c.RepositoryConfigurationDelegate : Bootstrapping Spring Data Redis repositories in DEFAULT mode.
2024-04-06T22:19:03.318+08:00  INFO 13604 --- [restartedMain] .RepositoryConfigurationExtensionSupport : Spring Data Redis - Could not safely identify store assignment for repository candidate interface cn.zwz.data.dao.LogDao; If you want this repository to be a Redis repository, consider annotating your entities with one of these annotations: org.springframework.data.redis.core.RedisHash (preferred), or consider extending one of the following types with your repository: org.springframework.data.keyvalue.repository.KeyValueRepository
2024-04-06T22:19:03.319+08:00  INFO 13604 --- [restartedMain] .s.d.r.c.RepositoryConfigurationDelegate : Finished Spring Data repository scanning in 7 ms. Found 0 Redis repository interfaces.
2024-04-06T22:19:03.434+08:00  INFO 13604 --- [restartedMain] faultConfiguringBeanFactoryPostProcessor : No bean named 'errorChannel' has been explicitly defined. Therefore, a default PublishSubscribeChannel will be created.
2024-04-06T22:19:03.442+08:00  INFO 13604 --- [restartedMain] faultConfiguringBeanFactoryPostProcessor : No bean named 'integrationHeaderChannelRegistry' has been explicitly defined. Therefore, a default DefaultHeaderChannelRegistry will be created.
2024-04-06T22:19:03.843+08:00  INFO 13604 --- [restartedMain] trationDelegate$BeanPostProcessorChecker : Bean 'redisExceptionThrowsConfig' of type [cn.zwz.basics.redis.RedisExceptionThrowsConfig$$SpringCGLIB$$0] is not eligible for getting processed by all BeanPostProcessors (for example: not eligible for auto-proxying)
2024-04-06T22:19:04.166+08:00  INFO 13604 --- [restartedMain] o.s.b.w.embedded.tomcat.TomcatWebServer  : Tomcat initialized with port(s): 8081 (http)
2024-04-06T22:19:04.175+08:00  INFO 13604 --- [restartedMain] o.apache.catalina.core.StandardService   : Starting service [Tomcat]
2024-04-06T22:19:04.175+08:00  INFO 13604 --- [restartedMain] o.apache.catalina.core.StandardEngine    : Starting Servlet engine: [Apache Tomcat/10.1.8]
2024-04-06T22:19:04.222+08:00  INFO 13604 --- [restartedMain] o.a.c.c.C.[Tomcat].[localhost].[/]       : Initializing Spring embedded WebApplicationContext
2024-04-06T22:19:04.223+08:00  INFO 13604 --- [restartedMain] w.s.c.ServletWebServerApplicationContext : Root WebApplicationContext: initialization completed in 2102 ms
2024-04-06T22:19:04.463+08:00  INFO 13604 --- [restartedMain] org.redisson.Version                     : Redisson 3.21.3
2024-04-06T22:19:04.707+08:00  INFO 13604 --- [redisson-netty-2-4] o.r.c.pool.MasterPubSubConnectionPool    : 1 connections initialized for 127.0.0.1/127.0.0.1:6379
2024-04-06T22:19:04.760+08:00  INFO 13604 --- [redisson-netty-2-19] o.r.c.pool.MasterConnectionPool          : 24 connections initialized for 127.0.0.1/127.0.0.1:6379
2024-04-06T22:19:04.878+08:00  INFO 13604 --- [restartedMain] c.z.basics.baseClass.BeansConfiguration  : 初始化PathMatcher成功
2024-04-06T22:19:05.742+08:00  INFO 13604 --- [restartedMain] o.hibernate.jpa.internal.util.LogHelper  : HHH000204: Processing PersistenceUnitInfo [name: default]
2024-04-06T22:19:05.807+08:00  INFO 13604 --- [restartedMain] org.hibernate.Version                    : HHH000412: Hibernate ORM core version 6.2.2.Final
2024-04-06T22:19:05.809+08:00  INFO 13604 --- [restartedMain] org.hibernate.cfg.Environment            : HHH000406: Using bytecode reflection optimizer
2024-04-06T22:19:05.926+08:00  INFO 13604 --- [restartedMain] o.h.b.i.BytecodeProviderInitiator        : HHH000021: Bytecode provider name : bytebuddy
2024-04-06T22:19:06.043+08:00  INFO 13604 --- [restartedMain] o.s.o.j.p.SpringPersistenceUnitInfo      : No LoadTimeWeaver setup: ignoring JPA class transformer
2024-04-06T22:19:06.095+08:00  INFO 13604 --- [restartedMain] com.alibaba.druid.pool.DruidDataSource   : {dataSource-1} inited
2024-04-06T22:19:06.253+08:00  INFO 13604 --- [restartedMain] org.hibernate.orm.dialect                : HHH035001: Using dialect: org.hibernate.dialect.MySQLDialect, version: 8.0.35
2024-04-06T22:19:06.463+08:00  INFO 13604 --- [restartedMain] o.h.b.i.BytecodeProviderInitiator        : HHH000021: Bytecode provider name : bytebuddy
2024-04-06T22:19:07.145+08:00  INFO 13604 --- [restartedMain] o.h.e.t.j.p.i.JtaPlatformInitiator       : HHH000490: Using JtaPlatform implementation: [org.hibernate.engine.transaction.jta.platform.internal.NoJtaPlatform]
2024-04-06T22:19:07.899+08:00  INFO 13604 --- [restartedMain] j.LocalContainerEntityManagerFactoryBean : Initialized JPA EntityManagerFactory for persistence unit 'default'
2024-04-06T22:19:08.634+08:00  INFO 13604 --- [restartedMain] c.z.basics.baseClass.BeansConfiguration  : 初始化线程池成功
2024-04-06T22:19:08.680+08:00  WARN 13604 --- [restartedMain] JpaBaseConfiguration$JpaWebConfiguration : spring.jpa.open-in-view is enabled by default. Therefore, database queries may be performed during view rendering. Explicitly configure spring.jpa.open-in-view to disable this warning
2024-04-06T22:19:09.147+08:00  INFO 13604 --- [restartedMain] o.s.b.a.e.web.EndpointLinksResolver      : Exposing 1 endpoint(s) beneath base path '/actuator'
2024-04-06T22:19:09.217+08:00  INFO 13604 --- [restartedMain] o.s.s.web.DefaultSecurityFilterChain     : Will secure any request with [org.springframework.security.web.session.DisableEncodeUrlFilter@2fedbac3, org.springframework.security.web.context.request.async.WebAsyncManagerIntegrationFilter@71ff2320, org.springframework.security.web.context.SecurityContextHolderFilter@2a42ba9b, org.springframework.security.web.header.HeaderWriterFilter@5d95a11a, org.springframework.web.filter.CorsFilter@3f67580b, org.springframework.security.web.authentication.logout.LogoutFilter@3c91483c, cn.zwz.basics.security.jwt.JwtTokenOncePerRequestFilter@2d56e961, cn.zwz.basics.security.validate.ImageValidateFilter$$SpringCGLIB$$0@4e46c712, org.springframework.security.web.authentication.UsernamePasswordAuthenticationFilter@63efd666, org.springframework.security.web.savedrequest.RequestCacheAwareFilter@99fbd23, org.springframework.security.web.servletapi.SecurityContextHolderAwareRequestFilter@4beabb8c, org.springframework.security.web.authentication.AnonymousAuthenticationFilter@49d04f78, org.springframework.security.web.session.SessionManagementFilter@5355b651, org.springframework.security.web.access.ExceptionTranslationFilter@7ff6eeff, org.springframework.security.web.access.intercept.AuthorizationFilter@1c532f3d]
2024-04-06T22:19:09.667+08:00  INFO 13604 --- [restartedMain] o.s.b.d.a.OptionalLiveReloadServer       : LiveReload server is running on port 35729
2024-04-06T22:19:09.847+08:00  INFO 13604 --- [restartedMain] o.s.i.endpoint.EventDrivenConsumer       : Adding {logging-channel-adapter:_org.springframework.integration.errorLogger} as a subscriber to the 'errorChannel' channel
2024-04-06T22:19:09.848+08:00  INFO 13604 --- [restartedMain] o.s.i.channel.PublishSubscribeChannel    : Channel 'application.errorChannel' has 1 subscriber(s).
2024-04-06T22:19:09.848+08:00  INFO 13604 --- [restartedMain] o.s.i.endpoint.EventDrivenConsumer       : started bean '_org.springframework.integration.errorLogger'
2024-04-06T22:19:09.859+08:00  INFO 13604 --- [restartedMain] o.s.b.w.embedded.tomcat.TomcatWebServer  : Tomcat started on port(s): 8081 (http) with context path ''
2024-04-06T22:19:09.891+08:00  INFO 13604 --- [restartedMain] cn.zwz.ZwzApplication                    : Started ZwzApplication in 8.212 seconds (process running for 9.252)
2024-04-06T22:19:10.294+08:00  INFO 13604 --- [RMI TCP Connection(5)-192.168.10.174] o.a.c.c.C.[Tomcat].[localhost].[/]       : Initializing Spring DispatcherServlet 'dispatcherServlet'
2024-04-06T22:19:10.294+08:00  INFO 13604 --- [RMI TCP Connection(5)-192.168.10.174] o.s.web.servlet.DispatcherServlet        : Initializing Servlet 'dispatcherServlet'
2024-04-06T22:19:10.295+08:00  INFO 13604 --- [RMI TCP Connection(5)-192.168.10.174] o.s.web.servlet.DispatcherServlet        : Completed initialization in 1 ms
2024-04-06T22:39:20.658+08:00  INFO 13604 --- [SpringApplicationShutdownHook] o.s.b.w.e.tomcat.GracefulShutdown        : Commencing graceful shutdown. Waiting for active requests to complete
2024-04-06T22:39:20.664+08:00  INFO 13604 --- [tomcat-shutdown] o.s.b.w.e.tomcat.GracefulShutdown        : Graceful shutdown complete
2024-04-06T22:39:20.685+08:00  INFO 13604 --- [SpringApplicationShutdownHook] o.s.i.endpoint.EventDrivenConsumer       : Removing {logging-channel-adapter:_org.springframework.integration.errorLogger} as a subscriber to the 'errorChannel' channel
2024-04-06T22:39:20.686+08:00  INFO 13604 --- [SpringApplicationShutdownHook] o.s.i.channel.PublishSubscribeChannel    : Channel 'application.errorChannel' has 0 subscriber(s).
2024-04-06T22:39:20.686+08:00  INFO 13604 --- [SpringApplicationShutdownHook] o.s.i.endpoint.EventDrivenConsumer       : stopped bean '_org.springframework.integration.errorLogger'
2024-04-06T22:39:20.694+08:00  INFO 13604 --- [SpringApplicationShutdownHook] j.LocalContainerEntityManagerFactoryBean : Closing JPA EntityManagerFactory for persistence unit 'default'
2024-04-06T22:39:20.698+08:00  INFO 13604 --- [SpringApplicationShutdownHook] com.alibaba.druid.pool.DruidDataSource   : {dataSource-1} closing ...
2024-04-06T22:39:20.703+08:00  INFO 13604 --- [SpringApplicationShutdownHook] com.alibaba.druid.pool.DruidDataSource   : {dataSource-1} closed
